Archive member included to satisfy reference by file (symbol)

c:/program files/microchip/xc8/v2.36/avr/bin/../lib/gcc/avr/5.4.0/avr6/memx-const\libgcc.a(_udivmodsi4.o)
                              Source Files/serial.o (__udivmodsi4)
c:/program files/microchip/xc8/v2.36/avr/bin/../lib/gcc/avr/5.4.0/avr6/memx-const\libgcc.a(_copy_data.o)
                              Source Files/keypad.o (__do_copy_data)
c:/program files/microchip/xc8/v2.36/avr/bin/../lib/gcc/avr/5.4.0/avr6/memx-const\libgcc.a(_xload_1.o)
                              Source Files/lcd.o (__xload_1)
c:/program files/microchip/xc8/v2.36/avr/bin/../lib/gcc/avr/5.4.0/../../../../avr/lib/avr6/memx-const\libc.a(exit.o)
                              C:/Program Files (x86)/Atmel/Studio/7.0/Packs/atmel/ATmega_DFP/1.7.374/xc8/avr/lib/avr6/memx-const/crtatmega2560.o (exit)
c:/program files/microchip/xc8/v2.36/avr/bin/../lib/gcc/avr/5.4.0/../../../../avr/lib/avr6/memx-const\libc.a(_Exit.o)
                              c:/program files/microchip/xc8/v2.36/avr/bin/../lib/gcc/avr/5.4.0/../../../../avr/lib/avr6/memx-const\libc.a(exit.o) (_Exit)
C:/Program Files (x86)/Atmel/Studio/7.0/Packs/atmel/ATmega_DFP/1.7.374/xc8/avr/lib/avr6/memx-const\libatmega2560.a(eerd_byte.o)
                              Source Files/save_to_eeprom.o (eeprom_read_byte)
C:/Program Files (x86)/Atmel/Studio/7.0/Packs/atmel/ATmega_DFP/1.7.374/xc8/avr/lib/avr6/memx-const\libatmega2560.a(eeupd_byte.o)
                              Source Files/save_to_eeprom.o (eeprom_update_byte)
c:/program files/microchip/xc8/v2.36/avr/bin/../lib/gcc/avr/5.4.0/avr6/memx-const\libgcc.a(_exit.o)
                              c:/program files/microchip/xc8/v2.36/avr/bin/../lib/gcc/avr/5.4.0/../../../../avr/lib/avr6/memx-const\libc.a(_Exit.o) (_exit)

Discarded input sections

 .data          0x0000000000000000        0x0 C:/Program Files (x86)/Atmel/Studio/7.0/Packs/atmel/ATmega_DFP/1.7.374/xc8/avr/lib/avr6/memx-const/crtatmega2560.o
 .bss           0x0000000000000000        0x0 C:/Program Files (x86)/Atmel/Studio/7.0/Packs/atmel/ATmega_DFP/1.7.374/xc8/avr/lib/avr6/memx-const/crtatmega2560.o
 .text          0x0000000000000000        0x0 main.o
 .data          0x0000000000000000        0x0 main.o
 .bss           0x0000000000000000        0x0 main.o
 .text          0x0000000000000000        0x0 Source Files/save_to_eeprom.o
 .data          0x0000000000000000        0x0 Source Files/save_to_eeprom.o
 .bss           0x0000000000000000        0x0 Source Files/save_to_eeprom.o
 .text.eeprom_write
                0x0000000000000000        0x6 Source Files/save_to_eeprom.o
 .text.eeprom_read
                0x0000000000000000        0x6 Source Files/save_to_eeprom.o
 .debug_info    0x0000000000000000      0x121 Source Files/save_to_eeprom.o
 .debug_abbrev  0x0000000000000000       0xa7 Source Files/save_to_eeprom.o
 .debug_loc     0x0000000000000000       0x6d Source Files/save_to_eeprom.o
 .debug_aranges
                0x0000000000000000       0x28 Source Files/save_to_eeprom.o
 .debug_ranges  0x0000000000000000       0x18 Source Files/save_to_eeprom.o
 .debug_line    0x0000000000000000      0x134 Source Files/save_to_eeprom.o
 .debug_str     0x0000000000000000      0x1d4 Source Files/save_to_eeprom.o
 .comment       0x0000000000000000       0x31 Source Files/save_to_eeprom.o
 .debug_frame   0x0000000000000000       0x34 Source Files/save_to_eeprom.o
 .text          0x0000000000000000        0x0 Source Files/money.o
 .data          0x0000000000000000        0x0 Source Files/money.o
 .bss           0x0000000000000000        0x0 Source Files/money.o
 .text.debounce
                0x0000000000000000       0x54 Source Files/money.o
 .text.buttons_init
                0x0000000000000000       0x16 Source Files/money.o
 .text.button1_clicked
                0x0000000000000000        0x8 Source Files/money.o
 .text.button2_clicked
                0x0000000000000000        0x8 Source Files/money.o
 .debug_info    0x0000000000000000      0x1b5 Source Files/money.o
 .debug_abbrev  0x0000000000000000      0x13c Source Files/money.o
 .debug_loc     0x0000000000000000       0xe2 Source Files/money.o
 .debug_aranges
                0x0000000000000000       0x38 Source Files/money.o
 .debug_ranges  0x0000000000000000       0x28 Source Files/money.o
 .debug_line    0x0000000000000000      0x1a7 Source Files/money.o
 .debug_str     0x0000000000000000      0x217 Source Files/money.o
 .comment       0x0000000000000000       0x31 Source Files/money.o
 .debug_frame   0x0000000000000000       0x54 Source Files/money.o
 .text          0x0000000000000000        0x0 Source Files/lcd.o
 .data          0x0000000000000000        0x0 Source Files/lcd.o
 .bss           0x0000000000000000        0x0 Source Files/lcd.o
 .text          0x0000000000000000        0x0 Source Files/serial.o
 .data          0x0000000000000000        0x0 Source Files/serial.o
 .bss           0x0000000000000000        0x0 Source Files/serial.o
 .text.uart_receive
                0x0000000000000000        0xe Source Files/serial.o
 .text.uart_send_string
                0x0000000000000000       0x2e Source Files/serial.o
 .text.receive_product_data
                0x0000000000000000       0x62 Source Files/serial.o
 .text.confirm_cash_purchase
                0x0000000000000000        0xe Source Files/serial.o
 .text.handle_purchase_response
                0x0000000000000000       0x20 Source Files/serial.o
 .text.confirm_card_purchase
                0x0000000000000000       0x9a Source Files/serial.o
 .text          0x0000000000000000        0x0 Source Files/keypad.o
 .data          0x0000000000000000        0x0 Source Files/keypad.o
 .bss           0x0000000000000000        0x0 Source Files/keypad.o
 .text          0x0000000000000000        0x0 Source Files/timer.o
 .data          0x0000000000000000        0x0 Source Files/timer.o
 .bss           0x0000000000000000        0x0 Source Files/timer.o
 .text.config_timer1_600Hz
                0x0000000000000000       0x24 Source Files/timer.o
 .text.config_timer1_2kHz
                0x0000000000000000       0x24 Source Files/timer.o
 .text.timer1_stop
                0x0000000000000000       0x12 Source Files/timer.o
 .text.timer0_delay_us
                0x0000000000000000       0x2e Source Files/timer.o
 .data.MY_VARIABLE_TCNT1
                0x0000000000000000        0x2 Source Files/timer.o
 .debug_info    0x0000000000000000      0x106 Source Files/timer.o
 .debug_abbrev  0x0000000000000000       0xae Source Files/timer.o
 .debug_loc     0x0000000000000000       0x26 Source Files/timer.o
 .debug_aranges
                0x0000000000000000       0x38 Source Files/timer.o
 .debug_ranges  0x0000000000000000       0x28 Source Files/timer.o
 .debug_line    0x0000000000000000      0x157 Source Files/timer.o
 .debug_str     0x0000000000000000      0x20b Source Files/timer.o
 .comment       0x0000000000000000       0x31 Source Files/timer.o
 .debug_frame   0x0000000000000000       0x54 Source Files/timer.o
 .text          0x0000000000000000        0x0 c:/program files/microchip/xc8/v2.36/avr/bin/../lib/gcc/avr/5.4.0/avr6/memx-const\libgcc.a(_udivmodsi4.o)
 .data          0x0000000000000000        0x0 c:/program files/microchip/xc8/v2.36/avr/bin/../lib/gcc/avr/5.4.0/avr6/memx-const\libgcc.a(_udivmodsi4.o)
 .bss           0x0000000000000000        0x0 c:/program files/microchip/xc8/v2.36/avr/bin/../lib/gcc/avr/5.4.0/avr6/memx-const\libgcc.a(_udivmodsi4.o)
 .text.libgcc.mul
                0x0000000000000000        0x0 c:/program files/microchip/xc8/v2.36/avr/bin/../lib/gcc/avr/5.4.0/avr6/memx-const\libgcc.a(_udivmodsi4.o)
 .stack.descriptors
                0x0000000000000000       0x1a c:/program files/microchip/xc8/v2.36/avr/bin/../lib/gcc/avr/5.4.0/avr6/memx-const\libgcc.a(_udivmodsi4.o)
 .text.libgcc   0x0000000000000000        0x0 c:/program files/microchip/xc8/v2.36/avr/bin/../lib/gcc/avr/5.4.0/avr6/memx-const\libgcc.a(_udivmodsi4.o)
 .text.libgcc.prologue
                0x0000000000000000        0x0 c:/program files/microchip/xc8/v2.36/avr/bin/../lib/gcc/avr/5.4.0/avr6/memx-const\libgcc.a(_udivmodsi4.o)
 .text.libgcc.builtins
                0x0000000000000000        0x0 c:/program files/microchip/xc8/v2.36/avr/bin/../lib/gcc/avr/5.4.0/avr6/memx-const\libgcc.a(_udivmodsi4.o)
 .text.libgcc.fmul
                0x0000000000000000        0x0 c:/program files/microchip/xc8/v2.36/avr/bin/../lib/gcc/avr/5.4.0/avr6/memx-const\libgcc.a(_udivmodsi4.o)
 .text.libgcc.fixed
                0x0000000000000000        0x0 c:/program files/microchip/xc8/v2.36/avr/bin/../lib/gcc/avr/5.4.0/avr6/memx-const\libgcc.a(_udivmodsi4.o)
 .text          0x0000000000000000        0x0 c:/program files/microchip/xc8/v2.36/avr/bin/../lib/gcc/avr/5.4.0/avr6/memx-const\libgcc.a(_copy_data.o)
 .data          0x0000000000000000        0x0 c:/program files/microchip/xc8/v2.36/avr/bin/../lib/gcc/avr/5.4.0/avr6/memx-const\libgcc.a(_copy_data.o)
 .bss           0x0000000000000000        0x0 c:/program files/microchip/xc8/v2.36/avr/bin/../lib/gcc/avr/5.4.0/avr6/memx-const\libgcc.a(_copy_data.o)
 .text.libgcc.mul
                0x0000000000000000        0x0 c:/program files/microchip/xc8/v2.36/avr/bin/../lib/gcc/avr/5.4.0/avr6/memx-const\libgcc.a(_copy_data.o)
 .text.libgcc.div
                0x0000000000000000        0x0 c:/program files/microchip/xc8/v2.36/avr/bin/../lib/gcc/avr/5.4.0/avr6/memx-const\libgcc.a(_copy_data.o)
 .text.libgcc   0x0000000000000000        0x0 c:/program files/microchip/xc8/v2.36/avr/bin/../lib/gcc/avr/5.4.0/avr6/memx-const\libgcc.a(_copy_data.o)
 .text.libgcc.prologue
                0x0000000000000000        0x0 c:/program files/microchip/xc8/v2.36/avr/bin/../lib/gcc/avr/5.4.0/avr6/memx-const\libgcc.a(_copy_data.o)
 .text.libgcc.builtins
                0x0000000000000000        0x0 c:/program files/microchip/xc8/v2.36/avr/bin/../lib/gcc/avr/5.4.0/avr6/memx-const\libgcc.a(_copy_data.o)
 .text.libgcc.fmul
                0x0000000000000000        0x0 c:/program files/microchip/xc8/v2.36/avr/bin/../lib/gcc/avr/5.4.0/avr6/memx-const\libgcc.a(_copy_data.o)
 .text.libgcc.fixed
                0x0000000000000000        0x0 c:/program files/microchip/xc8/v2.36/avr/bin/../lib/gcc/avr/5.4.0/avr6/memx-const\libgcc.a(_copy_data.o)
 .text          0x0000000000000000        0x0 c:/program files/microchip/xc8/v2.36/avr/bin/../lib/gcc/avr/5.4.0/avr6/memx-const\libgcc.a(_xload_1.o)
 .data          0x0000000000000000        0x0 c:/program files/microchip/xc8/v2.36/avr/bin/../lib/gcc/avr/5.4.0/avr6/memx-const\libgcc.a(_xload_1.o)
 .bss           0x0000000000000000        0x0 c:/program files/microchip/xc8/v2.36/avr/bin/../lib/gcc/avr/5.4.0/avr6/memx-const\libgcc.a(_xload_1.o)
 .text.libgcc.mul
                0x0000000000000000        0x0 c:/program files/microchip/xc8/v2.36/avr/bin/../lib/gcc/avr/5.4.0/avr6/memx-const\libgcc.a(_xload_1.o)
 .text.libgcc.div
                0x0000000000000000        0x0 c:/program files/microchip/xc8/v2.36/avr/bin/../lib/gcc/avr/5.4.0/avr6/memx-const\libgcc.a(_xload_1.o)
 .text.libgcc.prologue
                0x0000000000000000        0x0 c:/program files/microchip/xc8/v2.36/avr/bin/../lib/gcc/avr/5.4.0/avr6/memx-const\libgcc.a(_xload_1.o)
 .stack.descriptors
                0x0000000000000000       0x17 c:/program files/microchip/xc8/v2.36/avr/bin/../lib/gcc/avr/5.4.0/avr6/memx-const\libgcc.a(_xload_1.o)
 .text.libgcc.builtins
                0x0000000000000000        0x0 c:/program files/microchip/xc8/v2.36/avr/bin/../lib/gcc/avr/5.4.0/avr6/memx-const\libgcc.a(_xload_1.o)
 .text.libgcc.fmul
                0x0000000000000000        0x0 c:/program files/microchip/xc8/v2.36/avr/bin/../lib/gcc/avr/5.4.0/avr6/memx-const\libgcc.a(_xload_1.o)
 .text.libgcc.fixed
                0x0000000000000000        0x0 c:/program files/microchip/xc8/v2.36/avr/bin/../lib/gcc/avr/5.4.0/avr6/memx-const\libgcc.a(_xload_1.o)
 .text          0x0000000000000000        0x0 c:/program files/microchip/xc8/v2.36/avr/bin/../lib/gcc/avr/5.4.0/../../../../avr/lib/avr6/memx-const\libc.a(exit.o)
 .data          0x0000000000000000        0x0 c:/program files/microchip/xc8/v2.36/avr/bin/../lib/gcc/avr/5.4.0/../../../../avr/lib/avr6/memx-const\libc.a(exit.o)
 .bss           0x0000000000000000        0x0 c:/program files/microchip/xc8/v2.36/avr/bin/../lib/gcc/avr/5.4.0/../../../../avr/lib/avr6/memx-const\libc.a(exit.o)
 .text          0x0000000000000000        0x0 c:/program files/microchip/xc8/v2.36/avr/bin/../lib/gcc/avr/5.4.0/../../../../avr/lib/avr6/memx-const\libc.a(_Exit.o)
 .data          0x0000000000000000        0x0 c:/program files/microchip/xc8/v2.36/avr/bin/../lib/gcc/avr/5.4.0/../../../../avr/lib/avr6/memx-const\libc.a(_Exit.o)
 .bss           0x0000000000000000        0x0 c:/program files/microchip/xc8/v2.36/avr/bin/../lib/gcc/avr/5.4.0/../../../../avr/lib/avr6/memx-const\libc.a(_Exit.o)
 .text          0x0000000000000000        0x0 C:/Program Files (x86)/Atmel/Studio/7.0/Packs/atmel/ATmega_DFP/1.7.374/xc8/avr/lib/avr6/memx-const\libatmega2560.a(eerd_byte.o)
 .data          0x0000000000000000        0x0 C:/Program Files (x86)/Atmel/Studio/7.0/Packs/atmel/ATmega_DFP/1.7.374/xc8/avr/lib/avr6/memx-const\libatmega2560.a(eerd_byte.o)
 .bss           0x0000000000000000        0x0 C:/Program Files (x86)/Atmel/Studio/7.0/Packs/atmel/ATmega_DFP/1.7.374/xc8/avr/lib/avr6/memx-const\libatmega2560.a(eerd_byte.o)
 .text.avrlibc  0x0000000000000000       0x12 C:/Program Files (x86)/Atmel/Studio/7.0/Packs/atmel/ATmega_DFP/1.7.374/xc8/avr/lib/avr6/memx-const\libatmega2560.a(eerd_byte.o)
 .stack.descriptors.hdr
                0x0000000000000000        0xe C:/Program Files (x86)/Atmel/Studio/7.0/Packs/atmel/ATmega_DFP/1.7.374/xc8/avr/lib/avr6/memx-const\libatmega2560.a(eerd_byte.o)
 .stack.descriptors
                0x0000000000000000       0x1e C:/Program Files (x86)/Atmel/Studio/7.0/Packs/atmel/ATmega_DFP/1.7.374/xc8/avr/lib/avr6/memx-const\libatmega2560.a(eerd_byte.o)
 .debug_line    0x0000000000000000       0x82 C:/Program Files (x86)/Atmel/Studio/7.0/Packs/atmel/ATmega_DFP/1.7.374/xc8/avr/lib/avr6/memx-const\libatmega2560.a(eerd_byte.o)
 .debug_info    0x0000000000000000       0xab C:/Program Files (x86)/Atmel/Studio/7.0/Packs/atmel/ATmega_DFP/1.7.374/xc8/avr/lib/avr6/memx-const\libatmega2560.a(eerd_byte.o)
 .debug_abbrev  0x0000000000000000       0x14 C:/Program Files (x86)/Atmel/Studio/7.0/Packs/atmel/ATmega_DFP/1.7.374/xc8/avr/lib/avr6/memx-const\libatmega2560.a(eerd_byte.o)
 .debug_aranges
                0x0000000000000000       0x20 C:/Program Files (x86)/Atmel/Studio/7.0/Packs/atmel/ATmega_DFP/1.7.374/xc8/avr/lib/avr6/memx-const\libatmega2560.a(eerd_byte.o)
 .text          0x0000000000000000        0x0 C:/Program Files (x86)/Atmel/Studio/7.0/Packs/atmel/ATmega_DFP/1.7.374/xc8/avr/lib/avr6/memx-const\libatmega2560.a(eeupd_byte.o)
 .data          0x0000000000000000        0x0 C:/Program Files (x86)/Atmel/Studio/7.0/Packs/atmel/ATmega_DFP/1.7.374/xc8/avr/lib/avr6/memx-const\libatmega2560.a(eeupd_byte.o)
 .bss           0x0000000000000000        0x0 C:/Program Files (x86)/Atmel/Studio/7.0/Packs/atmel/ATmega_DFP/1.7.374/xc8/avr/lib/avr6/memx-const\libatmega2560.a(eeupd_byte.o)
 .text.avrlibc  0x0000000000000000       0x24 C:/Program Files (x86)/Atmel/Studio/7.0/Packs/atmel/ATmega_DFP/1.7.374/xc8/avr/lib/avr6/memx-const\libatmega2560.a(eeupd_byte.o)
 .stack.descriptors.hdr
                0x0000000000000000        0xe C:/Program Files (x86)/Atmel/Studio/7.0/Packs/atmel/ATmega_DFP/1.7.374/xc8/avr/lib/avr6/memx-const\libatmega2560.a(eeupd_byte.o)
 .stack.descriptors
                0x0000000000000000       0x3f C:/Program Files (x86)/Atmel/Studio/7.0/Packs/atmel/ATmega_DFP/1.7.374/xc8/avr/lib/avr6/memx-const\libatmega2560.a(eeupd_byte.o)
 .debug_line    0x0000000000000000       0xb9 C:/Program Files (x86)/Atmel/Studio/7.0/Packs/atmel/ATmega_DFP/1.7.374/xc8/avr/lib/avr6/memx-const\libatmega2560.a(eeupd_byte.o)
 .debug_info    0x0000000000000000       0xac C:/Program Files (x86)/Atmel/Studio/7.0/Packs/atmel/ATmega_DFP/1.7.374/xc8/avr/lib/avr6/memx-const\libatmega2560.a(eeupd_byte.o)
 .debug_abbrev  0x0000000000000000       0x14 C:/Program Files (x86)/Atmel/Studio/7.0/Packs/atmel/ATmega_DFP/1.7.374/xc8/avr/lib/avr6/memx-const\libatmega2560.a(eeupd_byte.o)
 .debug_aranges
                0x0000000000000000       0x20 C:/Program Files (x86)/Atmel/Studio/7.0/Packs/atmel/ATmega_DFP/1.7.374/xc8/avr/lib/avr6/memx-const\libatmega2560.a(eeupd_byte.o)
 .text          0x0000000000000000        0x0 c:/program files/microchip/xc8/v2.36/avr/bin/../lib/gcc/avr/5.4.0/avr6/memx-const\libgcc.a(_exit.o)
 .data          0x0000000000000000        0x0 c:/program files/microchip/xc8/v2.36/avr/bin/../lib/gcc/avr/5.4.0/avr6/memx-const\libgcc.a(_exit.o)
 .bss           0x0000000000000000        0x0 c:/program files/microchip/xc8/v2.36/avr/bin/../lib/gcc/avr/5.4.0/avr6/memx-const\libgcc.a(_exit.o)
 .text.libgcc.mul
                0x0000000000000000        0x0 c:/program files/microchip/xc8/v2.36/avr/bin/../lib/gcc/avr/5.4.0/avr6/memx-const\libgcc.a(_exit.o)
 .text.libgcc.div
                0x0000000000000000        0x0 c:/program files/microchip/xc8/v2.36/avr/bin/../lib/gcc/avr/5.4.0/avr6/memx-const\libgcc.a(_exit.o)
 .text.libgcc   0x0000000000000000        0x0 c:/program files/microchip/xc8/v2.36/avr/bin/../lib/gcc/avr/5.4.0/avr6/memx-const\libgcc.a(_exit.o)
 .text.libgcc.prologue
                0x0000000000000000        0x0 c:/program files/microchip/xc8/v2.36/avr/bin/../lib/gcc/avr/5.4.0/avr6/memx-const\libgcc.a(_exit.o)
 .stack.descriptors
                0x0000000000000000       0x13 c:/program files/microchip/xc8/v2.36/avr/bin/../lib/gcc/avr/5.4.0/avr6/memx-const\libgcc.a(_exit.o)
 .text.libgcc.builtins
                0x0000000000000000        0x0 c:/program files/microchip/xc8/v2.36/avr/bin/../lib/gcc/avr/5.4.0/avr6/memx-const\libgcc.a(_exit.o)
 .text.libgcc.fmul
                0x0000000000000000        0x0 c:/program files/microchip/xc8/v2.36/avr/bin/../lib/gcc/avr/5.4.0/avr6/memx-const\libgcc.a(_exit.o)
 .text.libgcc.fixed
                0x0000000000000000        0x0 c:/program files/microchip/xc8/v2.36/avr/bin/../lib/gcc/avr/5.4.0/avr6/memx-const\libgcc.a(_exit.o)

Memory Configuration

Name             Origin             Length             Attributes
text             0x0000000000000000 0x0000000000040000 xr
data             0x0000000000800200 0x0000000000002000 rw !x
eeprom           0x0000000000810000 0x0000000000001000 rw !x
fuse             0x0000000000820000 0x0000000000000003 rw !x
lock             0x0000000000830000 0x0000000000000400 rw !x
signature        0x0000000000840000 0x0000000000000400 rw !x
user_signatures  0x0000000000850000 0x0000000000000400 rw !x
*default*        0x0000000000000000 0xffffffffffffffff

Linker script and memory map

Address of section .data set to 0x800200
LOAD C:/Program Files (x86)/Atmel/Studio/7.0/Packs/atmel/ATmega_DFP/1.7.374/xc8/avr/lib/avr6/memx-const/crtatmega2560.o
LOAD main.o
LOAD Source Files/save_to_eeprom.o
LOAD Source Files/money.o
LOAD Source Files/lcd.o
LOAD Source Files/serial.o
LOAD Source Files/keypad.o
LOAD Source Files/timer.o
START GROUP
END GROUP
START GROUP
LOAD c:/program files/microchip/xc8/v2.36/avr/bin/../lib/gcc/avr/5.4.0/avr6/memx-const\libgcc.a
LOAD c:/program files/microchip/xc8/v2.36/avr/bin/../lib/gcc/avr/5.4.0/../../../../avr/lib/avr6/memx-const\libm.a
LOAD c:/program files/microchip/xc8/v2.36/avr/bin/../lib/gcc/avr/5.4.0/../../../../avr/lib/avr6/memx-const\libc.a
LOAD C:/Program Files (x86)/Atmel/Studio/7.0/Packs/atmel/ATmega_DFP/1.7.374/xc8/avr/lib/avr6/memx-const\libatmega2560.a
END GROUP
                0x0000000000000000                __TEXT_REGION_ORIGIN__ = DEFINED (__TEXT_REGION_ORIGIN__)?__TEXT_REGION_ORIGIN__:0x0
                [0x0000000000800200]                __DATA_REGION_ORIGIN__ = DEFINED (__DATA_REGION_ORIGIN__)?__DATA_REGION_ORIGIN__:0x800200
                [0x0000000000040000]                __TEXT_REGION_LENGTH__ = DEFINED (__TEXT_REGION_LENGTH__)?__TEXT_REGION_LENGTH__:0x100000
                [0x0000000000002000]                __DATA_REGION_LENGTH__ = DEFINED (__DATA_REGION_LENGTH__)?__DATA_REGION_LENGTH__:0xfe00
                [0x0000000000001000]                __EEPROM_REGION_LENGTH__ = DEFINED (__EEPROM_REGION_LENGTH__)?__EEPROM_REGION_LENGTH__:0x10000
                [0x0000000000000003]                __FUSE_REGION_LENGTH__ = DEFINED (__FUSE_REGION_LENGTH__)?__FUSE_REGION_LENGTH__:0x400
                0x0000000000000400                __LOCK_REGION_LENGTH__ = DEFINED (__LOCK_REGION_LENGTH__)?__LOCK_REGION_LENGTH__:0x400
                0x0000000000000400                __SIGNATURE_REGION_LENGTH__ = DEFINED (__SIGNATURE_REGION_LENGTH__)?__SIGNATURE_REGION_LENGTH__:0x400
                0x0000000000000400                __USER_SIGNATURE_REGION_LENGTH__ = DEFINED (__USER_SIGNATURE_REGION_LENGTH__)?__USER_SIGNATURE_REGION_LENGTH__:0x400

.hash
 *(.hash)

.dynsym
 *(.dynsym)

.dynstr
 *(.dynstr)

.gnu.version
 *(.gnu.version)

.gnu.version_d
 *(.gnu.version_d)

.gnu.version_r
 *(.gnu.version_r)

.rel.init
 *(.rel.init)

.rela.init
 *(.rela.init)

.rel.text
 *(.rel.text)
 *(.rel.text.*)
 *(.rel.gnu.linkonce.t*)

.rela.text
 *(.rela.text)
 *(.rela.text.*)
 *(.rela.gnu.linkonce.t*)

.rel.fini
 *(.rel.fini)

.rela.fini
 *(.rela.fini)

.rel.rodata
 *(.rel.rodata)
 *(.rel.rodata.*)
 *(.rel.gnu.linkonce.r*)

.rela.rodata
 *(.rela.rodata)
 *(.rela.rodata.*)
 *(.rela.gnu.linkonce.r*)

.rel.data
 *(.rel.data)
 *(.rel.data.*)
 *(.rel.gnu.linkonce.d*)

.rela.data
 *(.rela.data)
 *(.rela.data.*)
 *(.rela.gnu.linkonce.d*)

.rel.ctors
 *(.rel.ctors)

.rela.ctors
 *(.rela.ctors)

.rel.dtors
 *(.rel.dtors)

.rela.dtors
 *(.rela.dtors)

.rel.got
 *(.rel.got)

.rela.got
 *(.rela.got)

.rel.bss
 *(.rel.bss)

.rela.bss
 *(.rela.bss)

.rel.plt
 *(.rel.plt)

.rela.plt
 *(.rela.plt)

.text           0x0000000000000000      0x148
 *(.vectors)
 .vectors       0x0000000000000000       0xe4 C:/Program Files (x86)/Atmel/Studio/7.0/Packs/atmel/ATmega_DFP/1.7.374/xc8/avr/lib/avr6/memx-const/crtatmega2560.o
                0x0000000000000000                __vector_default
                0x0000000000000000                __vectors
 *(.vectors)
 *(.progmem.gcc*)
 *(.dinit)
 .dinit         0x00000000000000e4        0x7 data_init
                0x00000000000000ec                . = ALIGN (0x2)
 *fill*         0x00000000000000eb        0x1 
                0x00000000000000ec                __trampolines_start = .
 *(.trampolines)
 .trampolines   0x00000000000000ec        0x0 linker stubs
 *(.trampolines*)
                0x00000000000000ec                __trampolines_end = .
 *libprintf_flt.a:*(.progmem.data)
 *libc.a:*(.progmem.data)
                0x00000000000000ec                . = ALIGN (0x2)
 *(.jumptables)
 *(.jumptables*)
 *(.lowtext)
 *(.lowtext*)
                0x00000000000000ec                __ctors_start = .
 *(.ctors)
                0x00000000000000ec                __ctors_end = .
                0x00000000000000ec                __dtors_start = .
 *(.dtors)
                0x00000000000000ec                __dtors_end = .
 SORT(*)(.ctors)
 SORT(*)(.dtors)
 *(.init0)
 .init0         0x00000000000000ec        0x0 C:/Program Files (x86)/Atmel/Studio/7.0/Packs/atmel/ATmega_DFP/1.7.374/xc8/avr/lib/avr6/memx-const/crtatmega2560.o
                0x00000000000000ec                __init
 *(.init0)
 *(.init1)
 *(.init1)
 *(.init2)
 .init2         0x00000000000000ec       0x10 C:/Program Files (x86)/Atmel/Studio/7.0/Packs/atmel/ATmega_DFP/1.7.374/xc8/avr/lib/avr6/memx-const/crtatmega2560.o
 *(.init2)
 *(.init3)
 *(.init3)
 *(.init4)
 .init4         0x00000000000000fc       0x40 c:/program files/microchip/xc8/v2.36/avr/bin/../lib/gcc/avr/5.4.0/avr6/memx-const\libgcc.a(_copy_data.o)
                0x00000000000000fc                __do_copy_data
                0x000000000000012e                __do_clear_bss
 *(.init4)
 *(.init5)
 *(.init5)
 *(.init6)
 *(.init6)
 *(.init7)
 *(.init7)
 *(.init8)
 *(.init8)
 *(.init9)
 .init9         0x000000000000013c        0x8 C:/Program Files (x86)/Atmel/Studio/7.0/Packs/atmel/ATmega_DFP/1.7.374/xc8/avr/lib/avr6/memx-const/crtatmega2560.o
 *(.init9)
                0x0000000000000144                . = ALIGN (0x2)
 *(.fini9)
 .fini9         0x0000000000000144        0x0 c:/program files/microchip/xc8/v2.36/avr/bin/../lib/gcc/avr/5.4.0/avr6/memx-const\libgcc.a(_exit.o)
                0x0000000000000144                _exit
 *(.fini9)
 *(.fini8)
 *(.fini8)
 *(.fini7)
 *(.fini7)
 *(.fini6)
 *(.fini6)
 *(.fini5)
 *(.fini5)
 *(.fini4)
 *(.fini4)
 *(.fini3)
 *(.fini3)
 *(.fini2)
 *(.fini2)
 *(.fini1)
 *(.fini1)
 *(.fini0)
 .fini0         0x0000000000000144        0x4 c:/program files/microchip/xc8/v2.36/avr/bin/../lib/gcc/avr/5.4.0/avr6/memx-const\libgcc.a(_exit.o)
 *(.fini0)
                0x0000000000000148                _etext = .

.data           0x0000000000800200        0x0 load address 0x0000000000000148
                [!provide]                        PROVIDE (__data_start, .)
 *(.gnu.linkonce.d*)
 *(.gnu.linkonce.r*)
                0x0000000000800200                . = ALIGN (0x2)
                0x0000000000800200                _edata = .
                [!provide]                        PROVIDE (__data_end, .)

.bss            0x0000000000800200        0x0
                [!provide]                        PROVIDE (__bss_start, .)
 *(COMMON)
                [!provide]                        PROVIDE (__bss_end, .)
                0x0000000000000148                __data_load_start = LOADADDR (.data)
                0x0000000000000148                __data_load_end = (__data_load_start + SIZEOF (.data))

.noinit         0x0000000000800200        0x0
                [!provide]                        PROVIDE (__noinit_start, .)
 *(.noinit*)
                [!provide]                        PROVIDE (__noinit_end, .)
                0x0000000000800200                _end = .

.eeprom         0x0000000000810000        0x0
 *(.eeprom*)
                0x0000000000810000                __eeprom_end = .

.fuse
 *(.fuse)
 *(.lfuse)
 *(.hfuse)
 *(.efuse)

.lock
 *(.lock*)

.signature
 *(.signature*)

.user_signatures
 *(.user_signatures*)

.stab
 *(.stab)

.stabstr
 *(.stabstr)

.stab.excl
 *(.stab.excl)

.stab.exclstr
 *(.stab.exclstr)

.stab.index
 *(.stab.index)

.stab.indexstr
 *(.stab.indexstr)

.comment        0x0000000000000000       0x2f
 *(.comment)
 .comment       0x0000000000000000       0x2f main.o
                                         0x30 (size before relaxing)
 .comment       0x000000000000002f       0x30 Source Files/lcd.o
 .comment       0x000000000000002f       0x30 Source Files/serial.o
 .comment       0x000000000000002f       0x30 Source Files/keypad.o
 .comment       0x000000000000002f       0x30 c:/program files/microchip/xc8/v2.36/avr/bin/../lib/gcc/avr/5.4.0/../../../../avr/lib/avr6/memx-const\libc.a(exit.o)
 .comment       0x000000000000002f       0x30 c:/program files/microchip/xc8/v2.36/avr/bin/../lib/gcc/avr/5.4.0/../../../../avr/lib/avr6/memx-const\libc.a(_Exit.o)

.stack.descriptors.hdr
                0x0000000000000000       0x2a
 .stack.descriptors.hdr
                0x0000000000000000        0xe c:/program files/microchip/xc8/v2.36/avr/bin/../lib/gcc/avr/5.4.0/avr6/memx-const\libgcc.a(_udivmodsi4.o)
 .stack.descriptors.hdr
                0x000000000000000e        0xe c:/program files/microchip/xc8/v2.36/avr/bin/../lib/gcc/avr/5.4.0/avr6/memx-const\libgcc.a(_xload_1.o)
 .stack.descriptors.hdr
                0x000000000000001c        0xe c:/program files/microchip/xc8/v2.36/avr/bin/../lib/gcc/avr/5.4.0/avr6/memx-const\libgcc.a(_exit.o)

.note.GNU-stack
                0x0000000000000000        0x0
 .note.GNU-stack
                0x0000000000000000        0x0 c:/program files/microchip/xc8/v2.36/avr/bin/../lib/gcc/avr/5.4.0/../../../../avr/lib/avr6/memx-const\libc.a(exit.o)
 .note.GNU-stack
                0x0000000000000000        0x0 c:/program files/microchip/xc8/v2.36/avr/bin/../lib/gcc/avr/5.4.0/../../../../avr/lib/avr6/memx-const\libc.a(_Exit.o)

.note.gnu.build-id
 *(.note.gnu.build-id)

.debug
 *(.debug)

.line
 *(.line)

.debug_srcinfo
 *(.debug_srcinfo)

.debug_sfnames
 *(.debug_sfnames)

.debug_aranges  0x0000000000000000       0xf8
 *(.debug_aranges)
 .debug_aranges
                0x0000000000000000       0x20 main.o
 .debug_aranges
                0x0000000000000020       0x48 Source Files/lcd.o
 .debug_aranges
                0x0000000000000068       0x60 Source Files/serial.o
 .debug_aranges
                0x00000000000000c8       0x30 Source Files/keypad.o

.debug_pubnames
 *(.debug_pubnames)

.debug_info     0x0000000000000000     0x22da
 *(.debug_info .gnu.linkonce.wi.*)
 .debug_info    0x0000000000000000      0xbbc C:/Program Files (x86)/Atmel/Studio/7.0/Packs/atmel/ATmega_DFP/1.7.374/xc8/avr/lib/avr6/memx-const/crtatmega2560.o
 .debug_info    0x0000000000000bbc      0x48a main.o
 .debug_info    0x0000000000001046      0x7bb Source Files/lcd.o
 .debug_info    0x0000000000001801      0x656 Source Files/serial.o
 .debug_info    0x0000000000001e57      0x483 Source Files/keypad.o

.debug_abbrev   0x0000000000000000     0x1028
 *(.debug_abbrev)
 .debug_abbrev  0x0000000000000000      0xb1a C:/Program Files (x86)/Atmel/Studio/7.0/Packs/atmel/ATmega_DFP/1.7.374/xc8/avr/lib/avr6/memx-const/crtatmega2560.o
 .debug_abbrev  0x0000000000000b1a      0x10e main.o
 .debug_abbrev  0x0000000000000c28      0x186 Source Files/lcd.o
 .debug_abbrev  0x0000000000000dae      0x11f Source Files/serial.o
 .debug_abbrev  0x0000000000000ecd      0x15b Source Files/keypad.o

.debug_line     0x0000000000000000      0x9f8
 *(.debug_line .debug_line.* .debug_line_end)
 .debug_line    0x0000000000000000      0x1fd C:/Program Files (x86)/Atmel/Studio/7.0/Packs/atmel/ATmega_DFP/1.7.374/xc8/avr/lib/avr6/memx-const/crtatmega2560.o
 .debug_line    0x00000000000001fd      0x142 main.o
 .debug_line    0x000000000000033f      0x25d Source Files/lcd.o
 .debug_line    0x000000000000059c      0x299 Source Files/serial.o
 .debug_line    0x0000000000000835      0x1c3 Source Files/keypad.o

.debug_frame    0x0000000000000000      0x23c
 *(.debug_frame)
 .debug_frame   0x0000000000000000       0x24 main.o
 .debug_frame   0x0000000000000024       0x94 Source Files/lcd.o
 .debug_frame   0x00000000000000b8       0xfc Source Files/serial.o
 .debug_frame   0x00000000000001b4       0x88 Source Files/keypad.o

.debug_str      0x0000000000000000      0x48a
 *(.debug_str)
 .debug_str     0x0000000000000000      0x3e6 C:/Program Files (x86)/Atmel/Studio/7.0/Packs/atmel/ATmega_DFP/1.7.374/xc8/avr/lib/avr6/memx-const/crtatmega2560.o
 .debug_str     0x00000000000003e6       0x70 main.o
 .debug_str     0x0000000000000456       0x26 Source Files/lcd.o
 .debug_str     0x000000000000047c        0xe Source Files/serial.o
 .debug_str     0x000000000000048a        0x0 Source Files/keypad.o

.debug_loc      0x0000000000000000      0x950
 *(.debug_loc)
 .debug_loc     0x0000000000000000       0x1e main.o
 .debug_loc     0x000000000000001e      0x45a Source Files/lcd.o
 .debug_loc     0x0000000000000478      0x2cc Source Files/serial.o
 .debug_loc     0x0000000000000744      0x20c Source Files/keypad.o

.debug_macinfo
 *(.debug_macinfo)

.debug_weaknames
 *(.debug_weaknames)

.debug_funcnames
 *(.debug_funcnames)

.debug_typenames
 *(.debug_typenames)

.debug_varnames
 *(.debug_varnames)

.debug_pubtypes
 *(.debug_pubtypes)

.debug_ranges   0x0000000000000000       0xb8
 *(.debug_ranges)
 .debug_ranges  0x0000000000000000       0x10 main.o
 .debug_ranges  0x0000000000000010       0x38 Source Files/lcd.o
 .debug_ranges  0x0000000000000048       0x50 Source Files/serial.o
 .debug_ranges  0x0000000000000098       0x20 Source Files/keypad.o

.debug_macro
 *(.debug_macro)
OUTPUT(microprocessadores-t1.elf elf32-avr)
LOAD linker stubs
LOAD data_init

.note.gnu.avr.deviceinfo
                0x0000000000000000       0x40
 .note.gnu.avr.deviceinfo
                0x0000000000000000       0x40 C:/Program Files (x86)/Atmel/Studio/7.0/Packs/atmel/ATmega_DFP/1.7.374/xc8/avr/lib/avr6/memx-const/crtatmega2560.o

.progmemx.data  0x0000000000000148       0x1d
 .progmemx.data
                0x0000000000000148       0x1d main.o

.text.keypad_getkey
                0x0000000000000166       0xf2
 .text.keypad_getkey
                0x0000000000000166       0xf2 Source Files/keypad.o
                0x0000000000000166                keypad_getkey

.text.write_data_LCD
                0x0000000000000258       0x6c
 .text.write_data_LCD
                0x0000000000000258       0x6c Source Files/lcd.o
                0x0000000000000258                write_data_LCD

.text.send_product_number
                0x00000000000002c4       0x68
 .text.send_product_number
                0x00000000000002c4       0x68 Source Files/serial.o
                0x00000000000002c4                send_product_number

.text.main      0x000000000000032c       0x66
 .text.main     0x000000000000032c       0x66 main.o
                0x000000000000032c                main

.text.write_command_LCD
                0x0000000000000392       0x66
 .text.write_command_LCD
                0x0000000000000392       0x66 Source Files/lcd.o
                0x0000000000000392                write_command_LCD

.text.init_LCD  0x00000000000003f8       0x4a
 .text.init_LCD
                0x00000000000003f8       0x4a Source Files/lcd.o
                0x00000000000003f8                init_LCD

.text.libgcc.div
                0x0000000000000442       0x44
 .text.libgcc.div
                0x0000000000000442       0x44 c:/program files/microchip/xc8/v2.36/avr/bin/../lib/gcc/avr/5.4.0/avr6/memx-const\libgcc.a(_udivmodsi4.o)
                0x0000000000000442                __udivmodsi4

.text.debounce  0x0000000000000486       0x3c
 .text.debounce
                0x0000000000000486       0x3c Source Files/keypad.o

.text.write_string_line
                0x00000000000004c2       0x30
 .text.write_string_line
                0x00000000000004c2       0x30 Source Files/lcd.o
                0x00000000000004c2                write_string_line

.text.write_string_LCD
                0x00000000000004f2       0x2e
 .text.write_string_LCD
                0x00000000000004f2       0x2e Source Files/lcd.o
                0x00000000000004f2                write_string_LCD

.text.uart_init
                0x0000000000000520       0x2a
 .text.uart_init
                0x0000000000000520       0x2a Source Files/serial.o
                0x0000000000000520                uart_init

.text.keypad_init
                0x000000000000054a       0x1a
 .text.keypad_init
                0x000000000000054a       0x1a Source Files/keypad.o
                0x000000000000054a                keypad_init

.text.exit      0x0000000000000564       0x16
 .text.exit     0x0000000000000564       0x16 c:/program files/microchip/xc8/v2.36/avr/bin/../lib/gcc/avr/5.4.0/../../../../avr/lib/avr6/memx-const\libc.a(exit.o)
                0x0000000000000564                exit

.text.clear_display
                0x000000000000057a       0x14
 .text.clear_display
                0x000000000000057a       0x14 Source Files/lcd.o
                0x000000000000057a                clear_display

.text.uart_send
                0x000000000000058e        0xe
 .text.uart_send
                0x000000000000058e        0xe Source Files/serial.o
                0x000000000000058e                uart_send

.text.libgcc    0x000000000000059c        0xe
 .text.libgcc   0x000000000000059c        0xe c:/program files/microchip/xc8/v2.36/avr/bin/../lib/gcc/avr/5.4.0/avr6/memx-const\libgcc.a(_xload_1.o)
                0x000000000000059c                __xload_1

.text           0x00000000000005aa        0x4
 .text          0x00000000000005aa        0x4 C:/Program Files (x86)/Atmel/Studio/7.0/Packs/atmel/ATmega_DFP/1.7.374/xc8/avr/lib/avr6/memx-const/crtatmega2560.o
                0x00000000000005aa                __vector_38
                0x00000000000005aa                __vector_22
                0x00000000000005aa                __vector_28
                0x00000000000005aa                __vector_1
                0x00000000000005aa                __vector_32
                0x00000000000005aa                __vector_34
                0x00000000000005aa                __vector_24
                0x00000000000005aa                __vector_12
                0x00000000000005aa                __vector_55
                0x00000000000005aa                __vector_46
                0x00000000000005aa                __bad_interrupt
                0x00000000000005aa                __vector_6
                0x00000000000005aa                __vector_31
                0x00000000000005aa                __vector_35
                0x00000000000005aa                __vector_39
                0x00000000000005aa                __vector_3
                0x00000000000005aa                __vector_23
                0x00000000000005aa                __vector_30
                0x00000000000005aa                __vector_45
                0x00000000000005aa                __vector_25
                0x00000000000005aa                __vector_11
                0x00000000000005aa                __vector_54
                0x00000000000005aa                __vector_13
                0x00000000000005aa                __vector_17
                0x00000000000005aa                __vector_19
                0x00000000000005aa                __vector_56
                0x00000000000005aa                __vector_7
                0x00000000000005aa                __vector_49
                0x00000000000005aa                __vector_41
                0x00000000000005aa                __vector_43
                0x00000000000005aa                __vector_27
                0x00000000000005aa                __vector_5
                0x00000000000005aa                __vector_33
                0x00000000000005aa                __vector_47
                0x00000000000005aa                __vector_52
                0x00000000000005aa                __vector_37
                0x00000000000005aa                __vector_4
                0x00000000000005aa                __vector_44
                0x00000000000005aa                __vector_51
                0x00000000000005aa                __vector_9
                0x00000000000005aa                __vector_2
                0x00000000000005aa                __vector_21
                0x00000000000005aa                __vector_15
                0x00000000000005aa                __vector_36
                0x00000000000005aa                __vector_29
                0x00000000000005aa                __vector_40
                0x00000000000005aa                __vector_8
                0x00000000000005aa                __vector_26
                0x00000000000005aa                __vector_48
                0x00000000000005aa                __vector_14
                0x00000000000005aa                __vector_53
                0x00000000000005aa                __vector_10
                0x00000000000005aa                __vector_50
                0x00000000000005aa                __vector_16
                0x00000000000005aa                __vector_18
                0x00000000000005aa                __vector_20
                0x00000000000005aa                __vector_42

.text._Exit     0x00000000000005ae        0x4
 .text._Exit    0x00000000000005ae        0x4 c:/program files/microchip/xc8/v2.36/avr/bin/../lib/gcc/avr/5.4.0/../../../../avr/lib/avr6/memx-const\libc.a(_Exit.o)
                0x00000000000005ae                _Exit

.text.__dummy_fini
                0x00000000000005b2        0x2
 .text.__dummy_fini
                0x00000000000005b2        0x2 c:/program files/microchip/xc8/v2.36/avr/bin/../lib/gcc/avr/5.4.0/../../../../avr/lib/avr6/memx-const\libc.a(exit.o)
                0x00000000000005b2                _fini

.text.__dummy_funcs_on_exit
                0x00000000000005b4        0x2
 .text.__dummy_funcs_on_exit
                0x00000000000005b4        0x2 c:/program files/microchip/xc8/v2.36/avr/bin/../lib/gcc/avr/5.4.0/../../../../avr/lib/avr6/memx-const\libc.a(exit.o)
                0x00000000000005b4                __funcs_on_exit

.text.__dummy_simulator_exit
                0x00000000000005b6        0x2
 .text.__dummy_simulator_exit
                0x00000000000005b6        0x2 c:/program files/microchip/xc8/v2.36/avr/bin/../lib/gcc/avr/5.4.0/../../../../avr/lib/avr6/memx-const\libc.a(exit.o)
                0x00000000000005b6                __simulator_exit

.rodata         0x0000000000800200       0x10 load address 0x00000000000005b8
 .rodata        0x0000000000800200       0x10 Source Files/keypad.o
